// Jest Snapshot v1, https://goo.gl/fbAQLP

exports[`renders an edit table block component 1`] = `<div />`;
