// Jest Snapshot v1, https://goo.gl/fbAQLP

exports[`Anontools renders an anontools component when no token is specified 1`] = `
<div
  className="ui horizontal right floated list"
  role="list"
>
  <div
    className="item"
    role="listitem"
  >
    <a
      href="/login?return_url=myid"
      onClick={[Function]}
    >
      Log in
    </a>
  </div>
  <div
    className="item"
    role="listitem"
  >
    <a
      href="/register"
      onClick={[Function]}
    >
      Register
    </a>
  </div>
</div>
`;

exports[`Anontools should not render an anontools component when a token is specified 1`] = `null`;
