// Jest Snapshot v1, https://goo.gl/fbAQLP

exports[`renders an edit image tile component 1`] = `
<div
  className="tile image align"
  onClick={[Function]}
>
  <p>
    <img
      alt=""
      src="image"
    />
  </p>
</div>
`;
