// Jest Snapshot v1, https://goo.gl/fbAQLP

exports[`renders an array widget component 1`] = `
Array [
  <div
    className="react-select-container css-2b097c-container"
    onKeyDown={[Function]}
  >
    <div
      className="react-select__control css-1ard45z-control"
      onMouseDown={[Function]}
      onTouchEnd={[Function]}
    >
      <div
        className="react-select__value-container react-select__value-container--is-multi react-select__value-container--has-value css-1dvrfad"
      >
        <div
          className="css-13jmfyo-multiValue react-select__multi-value"
        >
          <div
            className="css-10ku62j react-select__multi-value__label"
          >
            test
          </div>
          <div
            className="css-5dgs50 react-select__multi-value__remove"
            onClick={[Function]}
            onMouseDown={[Function]}
            onTouchEnd={[Function]}
          >
            <svg
              aria-hidden="true"
              className="css-6q0nyr-Svg"
              focusable="false"
              height={14}
              viewBox="0 0 20 20"
              width={14}
            >
              <path
                d="M14.348 14.849c-0.469 0.469-1.229 0.469-1.697 0l-2.651-3.030-2.651 3.029c-0.469 0.469-1.229 0.469-1.697 0-0.469-0.469-0.469-1.229 0-1.697l2.758-3.15-2.759-3.152c-0.469-0.469-0.469-1.228 0-1.697s1.228-0.469 1.697 0l2.652 3.031 2.651-3.031c0.469-0.469 1.228-0.469 1.697 0s0.469 1.229 0 1.697l-2.758 3.152 2.758 3.15c0.469 0.469 0.469 1.229 0 1.698z"
              />
            </svg>
          </div>
        </div>
        <div
          className="css-b8ldur-Input"
        >
          <div
            className="react-select__input"
            style={
              Object {
                "display": "inline-block",
              }
            }
          >
            <input
              aria-autocomplete="list"
              autoCapitalize="none"
              autoComplete="off"
              autoCorrect="off"
              disabled={false}
              id="react-select-2-input"
              onBlur={[Function]}
              onChange={[Function]}
              onFocus={[Function]}
              spellCheck="false"
              style={
                Object {
                  "background": 0,
                  "border": 0,
                  "boxSizing": "content-box",
                  "color": "inherit",
                  "fontSize": "inherit",
                  "label": "input",
                  "opacity": 1,
                  "outline": 0,
                  "padding": 0,
                  "width": "1px",
                }
              }
              tabIndex="0"
              type="text"
              value=""
            />
            <div
              style={
                Object {
                  "height": 0,
                  "left": 0,
                  "overflow": "scroll",
                  "position": "absolute",
                  "top": 0,
                  "visibility": "hidden",
                  "whiteSpace": "pre",
                }
              }
            >
              
            </div>
          </div>
        </div>
      </div>
      <div
        className="react-select__indicators css-1hb7zxy-IndicatorsContainer"
      >
        <div
          aria-hidden="true"
          className="react-select__indicator react-select__clear-indicator css-tlfecz-indicatorContainer"
          onMouseDown={[Function]}
          onTouchEnd={[Function]}
        >
          <svg
            aria-hidden="true"
            className="css-6q0nyr-Svg"
            focusable="false"
            height={20}
            viewBox="0 0 20 20"
            width={20}
          >
            <path
              d="M14.348 14.849c-0.469 0.469-1.229 0.469-1.697 0l-2.651-3.030-2.651 3.029c-0.469 0.469-1.229 0.469-1.697 0-0.469-0.469-0.469-1.229 0-1.697l2.758-3.15-2.759-3.152c-0.469-0.469-0.469-1.228 0-1.697s1.228-0.469 1.697 0l2.652 3.031 2.651-3.031c0.469-0.469 1.228-0.469 1.697 0s0.469 1.229 0 1.697l-2.758 3.152 2.758 3.15c0.469 0.469 0.469 1.229 0 1.698z"
            />
          </svg>
        </div>
        <span
          className="react-select__indicator-separator css-6fp5c8-indicatorSeparator"
        />
        <div
          aria-hidden="true"
          className="react-select__indicator react-select__dropdown-indicator css-7hdh9a-DropdownIndicator"
          onMouseDown={[Function]}
          onTouchEnd={[Function]}
        >
          <svg
            className="icon"
            dangerouslySetInnerHTML={
              Object {
                "__html": undefined,
              }
            }
            onClick={null}
            style={
              Object {
                "fill": "#007bc1",
                "height": "24px",
                "width": "auto",
              }
            }
            viewBox=""
            xmlns=""
          />
        </div>
      </div>
    </div>
  </div>,
  <div
    className="ui red pointing basic label"
    onClick={[Function]}
  >
    error1
  </div>,
  <div
    className="ui red pointing basic label"
    onClick={[Function]}
  >
    error2
  </div>,
]
`;
