// Jest Snapshot v1, https://goo.gl/fbAQLP

exports[`renders a file widget component 1`] = `
Array [
  <div
    className="inline field"
    id="field-my-field"
  >
    <div
      className="ui grid"
    >
      <div
        className="stretched row"
      >
        <div
          className="four wide column"
        >
          <div
            className="wrapper"
          >
            <label
              htmlFor="field-my-field"
            >
              My field
            </label>
          </div>
        </div>
        <div
          className="eight wide column"
        >
          <div
            className="file-widget-dropzone"
            onBlur={[Function]}
            onClick={[Function]}
            onDragEnter={[Function]}
            onDragLeave={[Function]}
            onDragOver={[Function]}
            onDrop={[Function]}
            onFocus={[Function]}
            onKeyDown={[Function]}
            tabIndex={0}
          >
            <div
              className="dropzone-placeholder"
            >
              <p
                className="dropzone-text"
              >
                Drag the new item to upload
              </p>
            </div>
            <label
              className="label-file-widget-input"
            >
              Choose a File/Image
            </label>
            <input
              autoComplete="off"
              id="field-my-field"
              multiple={true}
              name="my-field"
              onChange={[Function]}
              onClick={[Function]}
              style={
                Object {
                  "display": "none",
                }
              }
              tabIndex={-1}
              type="file"
            />
          </div>
          <div
            className="field-file-name"
          />
        </div>
      </div>
    </div>
  </div>,
  ",",
]
`;
