// Jest Snapshot v1, https://goo.gl/fbAQLP

exports[`renders an url widget component 1`] = `
<div
  className="inline field url"
>
  <div
    className="ui grid"
  >
    <div
      className="stretched row"
    >
      <div
        className="four wide column"
      >
        <div
          className="wrapper"
        >
          <label
            htmlFor="field-test-url"
          >
            My Url
          </label>
        </div>
      </div>
      <div
        className="eight wide column"
      >
        <div
          className="ui input"
        >
          <input
            id="field-test-url"
            maxLength={null}
            minLength={null}
            name="test-url"
            onBlur={[Function]}
            onChange={[Function]}
            onClick={[Function]}
            type="url"
            value=""
          />
        </div>
      </div>
    </div>
  </div>
</div>
`;
