// Jest Snapshot v1, https://goo.gl/fbAQLP

exports[`renders an Listing Style Sidebar component 1`] = `null`;
