// Jest Snapshot v1, https://goo.gl/fbAQLP

exports[`renders an Listing Template Widget for Listing block Sidebar component 1`] = `null`;
