// Jest Snapshot v1, https://goo.gl/fbAQLP

exports[`UsersControlpanelGroups renders a UsersControlpanelGroups component 1`] = `
<tr
  className=""
>
  <td
    className=""
  >
    Administrators
  </td>
  <td
    className=""
  >
    <svg
      className="icon"
      dangerouslySetInnerHTML={
        Object {
          "__html": "<title>Global role</title>undefined",
        }
      }
      onClick={null}
      style={
        Object {
          "fill": "#826a6a",
          "height": "25px",
          "width": "auto",
        }
      }
      viewBox=""
      xmlns=""
    />
  </td>
  <td
    className=""
  >
    <svg
      className="icon"
      dangerouslySetInnerHTML={
        Object {
          "__html": "<title>Global role</title>undefined",
        }
      }
      onClick={null}
      style={
        Object {
          "fill": "#826a6a",
          "height": "25px",
          "width": "auto",
        }
      }
      viewBox=""
      xmlns=""
    />
  </td>
  <td
    className=""
  >
    <svg
      className="icon"
      dangerouslySetInnerHTML={
        Object {
          "__html": "<title>Global role</title>undefined",
        }
      }
      onClick={null}
      style={
        Object {
          "fill": "#007eb1",
          "height": "25px",
          "width": "auto",
        }
      }
      viewBox=""
      xmlns=""
    />
  </td>
  <td
    className="right aligned"
  >
    <div
      aria-expanded={false}
      className="ui dropdown"
      onBlur={[Function]}
      onChange={[Function]}
      onClick={[Function]}
      onFocus={[Function]}
      onMouseDown={[Function]}
      role="listbox"
      tabIndex={0}
    >
      <div
        aria-live="polite"
        className="text"
        role="alert"
      />
      <i
        aria-hidden="true"
        className="ellipsis horizontal icon"
        onClick={[Function]}
      />
      <div
        className="menu transition left"
      >
        <div
          className="item"
          onClick={[Function]}
          role="option"
        >
          <svg
            className="icon"
            dangerouslySetInnerHTML={
              Object {
                "__html": undefined,
              }
            }
            onClick={null}
            style={
              Object {
                "fill": "currentColor",
                "height": "15px",
                "width": "auto",
              }
            }
            viewBox=""
            xmlns=""
          />
          <span>
            Delete
          </span>
        </div>
      </div>
    </div>
  </td>
</tr>
`;
