// Jest Snapshot v1, https://goo.gl/fbAQLP

exports[`Contents renders a contents component 1`] = `
<div
  className="ui container"
  id="page-contents"
>
  <div
    className="container"
  >
    <article
      id="content"
    >
      <div
        className="UploadModal"
      />
      <section
        id="content-core"
      >
        <div
          className="ui raised segments"
        >
          <div
            className="ui stackable attached menu"
          >
            <div
              className="menu"
            >
              <a
                className="item"
                onClick={[Function]}
              >
                <i
                  aria-hidden="true"
                  className="upload icon"
                  onClick={[Function]}
                  title="Upload"
                />
              </a>
            </div>
            <div
              className="menu"
            >
              <a
                className="disabled item"
                onClick={[Function]}
              >
                <i
                  aria-hidden="true"
                  className="text cursor icon"
                  onClick={[Function]}
                  title="Rename"
                />
              </a>
              <a
                className="disabled item"
                onClick={[Function]}
              >
                <i
                  aria-hidden="true"
                  className="random icon"
                  onClick={[Function]}
                  title="State"
                />
              </a>
              <a
                className="disabled item"
                onClick={[Function]}
              >
                <i
                  aria-hidden="true"
                  className="tags icon"
                  onClick={[Function]}
                  title="Tags"
                />
              </a>
              <a
                className="disabled item"
                onClick={[Function]}
              >
                <i
                  aria-hidden="true"
                  className="setting icon"
                  onClick={[Function]}
                  title="Properties"
                />
              </a>
            </div>
            <div
              className="menu"
            >
              <a
                className="disabled item"
                onClick={[Function]}
              >
                <i
                  aria-hidden="true"
                  className="cut icon"
                  onClick={[Function]}
                  title="Cut"
                />
              </a>
              <a
                className="disabled item"
                onClick={[Function]}
              >
                <i
                  aria-hidden="true"
                  className="copy icon"
                  onClick={[Function]}
                  title="Copy"
                />
              </a>
              <a
                className="item"
                onClick={[Function]}
              >
                <i
                  aria-hidden="true"
                  className="paste icon"
                  onClick={[Function]}
                  title="Paste"
                />
              </a>
              <a
                className="disabled item"
                onClick={[Function]}
              >
                <i
                  aria-hidden="true"
                  className="trash icon"
                  onClick={[Function]}
                  title="Delete"
                />
              </a>
            </div>
            <div
              className="right menu"
            >
              <div
                className="ui right aligned category search item"
              >
                <div
                  className="ui transparent icon input"
                >
                  <div
                    className="ui input prompt"
                  >
                    <input
                      onChange={[Function]}
                      placeholder="Filterâ€¦"
                      type="text"
                      value=""
                    />
                  </div>
                  <i
                    className="search link icon"
                  />
                </div>
                <div
                  className="results"
                />
              </div>
            </div>
          </div>
          <div
            className="ui secondary attached segment"
          >
            <div
              className="ui breadcrumb"
            >
              <a
                className="section"
                href="/contents"
                onClick={[Function]}
                title="Home"
              >
                <i
                  aria-hidden="true"
                  className="home icon"
                  onClick={[Function]}
                />
              </a>
              <div
                className="divider"
              >
                /
              </div>
              <div
                className="active section"
                onClick={[Function]}
              >
                Blog
              </div>
            </div>
            <div
              aria-expanded={false}
              className="ui item dropdown right"
              onBlur={[Function]}
              onChange={[Function]}
              onClick={[Function]}
              onFocus={[Function]}
              onMouseDown={[Function]}
              role="listbox"
              tabIndex={0}
            >
              <div
                aria-atomic={true}
                aria-live="polite"
                className="text"
                role="alert"
              />
              <i
                aria-hidden="true"
                className="ellipsis horizontal icon"
                onClick={[Function]}
              />
              <div
                className="menu transition left"
              >
                <div
                  className="header"
                >
                  Select columns to show
                </div>
                <div
                  className="scrolling menu transition"
                >
                  <div
                    className="item"
                    onClick={[Function]}
                    role="option"
                  >
                    <i
                      aria-hidden="true"
                      className="square outline icon"
                      onClick={[Function]}
                    />
                    Title
                  </div>
                  <div
                    className="item"
                    onClick={[Function]}
                    role="option"
                  >
                    <i
                      aria-hidden="true"
                      className="blue check square icon"
                      onClick={[Function]}
                    />
                    Last modified
                  </div>
                  <div
                    className="item"
                    onClick={[Function]}
                    role="option"
                  >
                    <i
                      aria-hidden="true"
                      className="blue check square icon"
                      onClick={[Function]}
                    />
                    Publication date
                  </div>
                  <div
                    className="item"
                    onClick={[Function]}
                    role="option"
                  >
                    <i
                      aria-hidden="true"
                      className="blue check square icon"
                      onClick={[Function]}
                    />
                    Review state
                  </div>
                  <div
                    className="item"
                    onClick={[Function]}
                    role="option"
                  >
                    <i
                      aria-hidden="true"
                      className="square outline icon"
                      onClick={[Function]}
                    />
                    ID
                  </div>
                  <div
                    className="item"
                    onClick={[Function]}
                    role="option"
                  >
                    <i
                      aria-hidden="true"
                      className="square outline icon"
                      onClick={[Function]}
                    />
                    Expiration date
                  </div>
                  <div
                    className="item"
                    onClick={[Function]}
                    role="option"
                  >
                    <i
                      aria-hidden="true"
                      className="square outline icon"
                      onClick={[Function]}
                    />
                    Created on
                  </div>
                  <div
                    className="item"
                    onClick={[Function]}
                    role="option"
                  >
                    <i
                      aria-hidden="true"
                      className="square outline icon"
                      onClick={[Function]}
                    />
                    Tags
                  </div>
                  <div
                    className="item"
                    onClick={[Function]}
                    role="option"
                  >
                    <i
                      aria-hidden="true"
                      className="square outline icon"
                      onClick={[Function]}
                    />
                    Type
                  </div>
                  <div
                    className="item"
                    onClick={[Function]}
                    role="option"
                  >
                    <i
                      aria-hidden="true"
                      className="square outline icon"
                      onClick={[Function]}
                    />
                    Folder
                  </div>
                  <div
                    className="item"
                    onClick={[Function]}
                    role="option"
                  >
                    <i
                      aria-hidden="true"
                      className="square outline icon"
                      onClick={[Function]}
                    />
                    Excluded from navigation
                  </div>
                  <div
                    className="item"
                    onClick={[Function]}
                    role="option"
                  >
                    <i
                      aria-hidden="true"
                      className="square outline icon"
                      onClick={[Function]}
                    />
                    Object Size
                  </div>
                  <div
                    className="item"
                    onClick={[Function]}
                    role="option"
                  >
                    <i
                      aria-hidden="true"
                      className="square outline icon"
                      onClick={[Function]}
                    />
                    Last comment date
                  </div>
                  <div
                    className="item"
                    onClick={[Function]}
                    role="option"
                  >
                    <i
                      aria-hidden="true"
                      className="square outline icon"
                      onClick={[Function]}
                    />
                    Total comments
                  </div>
                  <div
                    className="item"
                    onClick={[Function]}
                    role="option"
                  >
                    <i
                      aria-hidden="true"
                      className="square outline icon"
                      onClick={[Function]}
                    />
                    End Date
                  </div>
                  <div
                    className="item"
                    onClick={[Function]}
                    role="option"
                  >
                    <i
                      aria-hidden="true"
                      className="square outline icon"
                      onClick={[Function]}
                    />
                    Description
                  </div>
                  <div
                    className="item"
                    onClick={[Function]}
                    role="option"
                  >
                    <i
                      aria-hidden="true"
                      className="square outline icon"
                      onClick={[Function]}
                    />
                    Creator
                  </div>
                  <div
                    className="item"
                    onClick={[Function]}
                    role="option"
                  >
                    <i
                      aria-hidden="true"
                      className="square outline icon"
                      onClick={[Function]}
                    />
                    Location
                  </div>
                  <div
                    className="item"
                    onClick={[Function]}
                    role="option"
                  >
                    <i
                      aria-hidden="true"
                      className="square outline icon"
                      onClick={[Function]}
                    />
                    UID
                  </div>
                  <div
                    className="item"
                    onClick={[Function]}
                    role="option"
                  >
                    <i
                      aria-hidden="true"
                      className="square outline icon"
                      onClick={[Function]}
                    />
                    Start Date
                  </div>
                  <div
                    className="item"
                    onClick={[Function]}
                    role="option"
                  >
                    <i
                      aria-hidden="true"
                      className="square outline icon"
                      onClick={[Function]}
                    />
                    Type
                  </div>
                </div>
              </div>
            </div>
          </div>
          <table
            className="ui selectable single line attached compact table"
          >
            <thead
              className=""
            >
              <tr
                className=""
              >
                <th
                  className=""
                >
                  <div
                    aria-expanded={false}
                    className="ui simple dropdown"
                    onBlur={[Function]}
                    onChange={[Function]}
                    onClick={[Function]}
                    onFocus={[Function]}
                    onMouseDown={[Function]}
                    role="listbox"
                    tabIndex={0}
                  >
                    <i
                      aria-hidden="true"
                      className="sort content ascending icon"
                      onClick={[Function]}
                    />
                    <div
                      className="menu transition"
                    >
                      <div
                        className="header"
                      >
                        Rearrange items byâ€¦
                      </div>
                      <div
                        className="item"
                        onClick={[Function]}
                        role="option"
                      >
                        <i
                          aria-hidden="true"
                          className="dropdown icon"
                          onClick={[Function]}
                        />
                        ID
                        <div
                          className="menu transition"
                        >
                          <div
                            className="item"
                            onClick={[Function]}
                            role="option"
                          >
                            <i
                              aria-hidden="true"
                              className="sort alphabet ascending icon"
                              onClick={[Function]}
                            />
                             
                            Ascending
                          </div>
                          <div
                            className="item"
                            onClick={[Function]}
                            role="option"
                          >
                            <i
                              aria-hidden="true"
                              className="sort alphabet descending icon"
                              onClick={[Function]}
                            />
                             
                            Descending
                          </div>
                        </div>
                      </div>
                      <div
                        className="item"
                        onClick={[Function]}
                        role="option"
                      >
                        <i
                          aria-hidden="true"
                          className="dropdown icon"
                          onClick={[Function]}
                        />
                        Title
                        <div
                          className="menu transition"
                        >
                          <div
                            className="item"
                            onClick={[Function]}
                            role="option"
                          >
                            <i
                              aria-hidden="true"
                              className="sort alphabet ascending icon"
                              onClick={[Function]}
                            />
                             
                            Ascending
                          </div>
                          <div
                            className="item"
                            onClick={[Function]}
                            role="option"
                          >
                            <i
                              aria-hidden="true"
                              className="sort alphabet descending icon"
                              onClick={[Function]}
                            />
                             
                            Descending
                          </div>
                        </div>
                      </div>
                      <div
                        className="item"
                        onClick={[Function]}
                        role="option"
                      >
                        <i
                          aria-hidden="true"
                          className="dropdown icon"
                          onClick={[Function]}
                        />
                        Publication date
                        <div
                          className="menu transition"
                        >
                          <div
                            className="item"
                            onClick={[Function]}
                            role="option"
                          >
                            <i
                              aria-hidden="true"
                              className="sort alphabet ascending icon"
                              onClick={[Function]}
                            />
                             
                            Ascending
                          </div>
                          <div
                            className="item"
                            onClick={[Function]}
                            role="option"
                          >
                            <i
                              aria-hidden="true"
                              className="sort alphabet descending icon"
                              onClick={[Function]}
                            />
                             
                            Descending
                          </div>
                        </div>
                      </div>
                      <div
                        className="item"
                        onClick={[Function]}
                        role="option"
                      >
                        <i
                          aria-hidden="true"
                          className="dropdown icon"
                          onClick={[Function]}
                        />
                        Created on
                        <div
                          className="menu transition"
                        >
                          <div
                            className="item"
                            onClick={[Function]}
                            role="option"
                          >
                            <i
                              aria-hidden="true"
                              className="sort alphabet ascending icon"
                              onClick={[Function]}
                            />
                             
                            Ascending
                          </div>
                          <div
                            className="item"
                            onClick={[Function]}
                            role="option"
                          >
                            <i
                              aria-hidden="true"
                              className="sort alphabet descending icon"
                              onClick={[Function]}
                            />
                             
                            Descending
                          </div>
                        </div>
                      </div>
                      <div
                        className="item"
                        onClick={[Function]}
                        role="option"
                      >
                        <i
                          aria-hidden="true"
                          className="dropdown icon"
                          onClick={[Function]}
                        />
                        Last modified
                        <div
                          className="menu transition"
                        >
                          <div
                            className="item"
                            onClick={[Function]}
                            role="option"
                          >
                            <i
                              aria-hidden="true"
                              className="sort alphabet ascending icon"
                              onClick={[Function]}
                            />
                             
                            Ascending
                          </div>
                          <div
                            className="item"
                            onClick={[Function]}
                            role="option"
                          >
                            <i
                              aria-hidden="true"
                              className="sort alphabet descending icon"
                              onClick={[Function]}
                            />
                             
                            Descending
                          </div>
                        </div>
                      </div>
                      <div
                        className="item"
                        onClick={[Function]}
                        role="option"
                      >
                        <i
                          aria-hidden="true"
                          className="dropdown icon"
                          onClick={[Function]}
                        />
                        Type
                        <div
                          className="menu transition"
                        >
                          <div
                            className="item"
                            onClick={[Function]}
                            role="option"
                          >
                            <i
                              aria-hidden="true"
                              className="sort alphabet ascending icon"
                              onClick={[Function]}
                            />
                             
                            Ascending
                          </div>
                          <div
                            className="item"
                            onClick={[Function]}
                            role="option"
                          >
                            <i
                              aria-hidden="true"
                              className="sort alphabet descending icon"
                              onClick={[Function]}
                            />
                             
                            Descending
                          </div>
                        </div>
                      </div>
                    </div>
                  </div>
                </th>
                <th
                  className=""
                >
                  <div
                    aria-expanded={false}
                    className="ui dropdown"
                    onBlur={[Function]}
                    onChange={[Function]}
                    onClick={[Function]}
                    onFocus={[Function]}
                    onMouseDown={[Function]}
                    role="listbox"
                    tabIndex={0}
                  >
                    <i
                      aria-hidden="true"
                      className="black square outline icon"
                      onClick={[Function]}
                    />
                    <div
                      className="menu transition"
                    >
                      <div
                        className="header"
                      >
                        Selectâ€¦
                      </div>
                      <div
                        className="item"
                        onClick={[Function]}
                        role="option"
                      >
                        <i
                          aria-hidden="true"
                          className="blue check square icon"
                          onClick={[Function]}
                        />
                         
                        All
                      </div>
                      <div
                        className="item"
                        onClick={[Function]}
                        role="option"
                      >
                        <i
                          aria-hidden="true"
                          className="square outline icon"
                          onClick={[Function]}
                        />
                         
                        None
                      </div>
                      <div
                        className="divider"
                      />
                      <div
                        className="header"
                      >
                        0 selected
                      </div>
                      <div
                        className="ui left icon input search"
                      >
                        <input
                          onChange={[Function]}
                          placeholder="Filterâ€¦"
                          type="text"
                        />
                        <i
                          aria-hidden="true"
                          className="search icon"
                          onClick={[Function]}
                        />
                      </div>
                      <div
                        className="scrolling menu transition"
                      />
                    </div>
                  </div>
                </th>
                <th
                  className="four wide"
                >
                  Title
                </th>
                <th
                  className="four wide"
                  style={
                    Object {
                      "cursor": "move",
                      "opacity": 1,
                    }
                  }
                >
                  Last modified
                </th>
                <th
                  className="four wide"
                  style={
                    Object {
                      "cursor": "move",
                      "opacity": 1,
                    }
                  }
                >
                  Publication date
                </th>
                <th
                  className="four wide"
                  style={
                    Object {
                      "cursor": "move",
                      "opacity": 1,
                    }
                  }
                >
                  Review state
                </th>
                <th
                  className="right aligned"
                >
                  Actions
                </th>
              </tr>
            </thead>
            <tbody
              className=""
            >
              <tr
                style={
                  Object {
                    "opacity": 1,
                  }
                }
              >
                <td
                  className=""
                >
                  <i
                    aria-hidden="true"
                    className="grey content icon drag handle"
                  />
                </td>
                <td
                  className=""
                >
                  <i
                    aria-hidden="true"
                    className="black square outline icon"
                    onClick={[Function]}
                    value="/blog"
                  />
                </td>
                <td
                  className=""
                >
                  <a
                    href="/blog"
                    onClick={[Function]}
                  >
                    <i
                      aria-hidden="true"
                      className="file outline icon"
                      onClick={[Function]}
                    />
                     
                    Blog
                  </a>
                </td>
                <td
                  className=""
                >
                  <span
                    title="Sunday, April 23, 2017 3:38 AM"
                  >
                    a few seconds ago
                  </span>
                </td>
                <td
                  className=""
                >
                  <span
                    title="Sunday, April 23, 2017 3:38 AM"
                  >
                    a few seconds ago
                  </span>
                </td>
                <td
                  className=""
                >
                  private
                </td>
                <td
                  className="right aligned"
                >
                  <div
                    aria-expanded={false}
                    className="ui dropdown"
                    onBlur={[Function]}
                    onChange={[Function]}
                    onClick={[Function]}
                    onFocus={[Function]}
                    onMouseDown={[Function]}
                    role="listbox"
                    tabIndex={0}
                  >
                    <div
                      aria-atomic={true}
                      aria-live="polite"
                      className="text"
                      role="alert"
                    />
                    <i
                      aria-hidden="true"
                      className="ellipsis horizontal icon"
                      onClick={[Function]}
                    />
                    <div
                      className="menu transition left"
                    >
                      <a
                        className="item"
                        href="/blog/edit"
                        onClick={[Function]}
                      >
                        <i
                          aria-hidden="true"
                          className="write icon"
                          onClick={[Function]}
                        />
                         
                        Edit
                      </a>
                      <a
                        className="item"
                        href="/blog"
                        onClick={[Function]}
                      >
                        <i
                          aria-hidden="true"
                          className="eye icon"
                          onClick={[Function]}
                        />
                         
                        View
                      </a>
                      <div
                        className="divider"
                      />
                      <div
                        className="item"
                        onClick={[Function]}
                        role="option"
                      >
                        <i
                          aria-hidden="true"
                          className="cut icon"
                          onClick={[Function]}
                        />
                         
                        Cut
                      </div>
                      <div
                        className="item"
                        onClick={[Function]}
                        role="option"
                      >
                        <i
                          aria-hidden="true"
                          className="copy icon"
                          onClick={[Function]}
                        />
                         
                        Copy
                      </div>
                      <div
                        className="item"
                        onClick={[Function]}
                        role="option"
                      >
                        <i
                          aria-hidden="true"
                          className="trash icon"
                          onClick={[Function]}
                        />
                         
                        Delete
                      </div>
                      <div
                        className="divider"
                      />
                      <div
                        className="item"
                        onClick={[Function]}
                        role="option"
                      >
                        <i
                          aria-hidden="true"
                          className="arrow up icon"
                          onClick={[Function]}
                        />
                         
                        Move to top of folder
                      </div>
                      <div
                        className="item"
                        onClick={[Function]}
                        role="option"
                      >
                        <i
                          aria-hidden="true"
                          className="arrow down icon"
                          onClick={[Function]}
                        />
                         
                        Move to bottom of folder
                      </div>
                    </div>
                  </div>
                </td>
              </tr>
            </tbody>
          </table>
          <div
            className="Pagination"
          />
        </div>
      </section>
    </article>
  </div>
  <div
    id="Portal"
  />
</div>
`;
