// Jest Snapshot v1, https://goo.gl/fbAQLP

exports[`Footer renders a footer component 1`] = `
<div
  className="ui grey inverted vertical padded center aligned segment"
  role="contentinfo"
>
  <div
    className="ui container"
  >
    <div
      className="ui grey basic inverted segment discreet"
    >
      The 
      Plone
      <sup>
        ®
      </sup>
       Open Source CMS/WCM
       is 
      <abbr
        title="Copyright"
      >
        ©
      </abbr>
       2000-2020 by the 
      <a
        className="item"
        href="http://plone.org/foundation"
      >
        Plone Foundation
      </a>
       and friends.
       
      Distributed under the 
      <a
        className="item"
        href="http://creativecommons.org/licenses/GPL/2.0/"
      >
        GNU GPL license
      </a>
      .
    </div>
    <div
      className="ui horizontal inverted list"
      role="list"
    >
      <div
        className="item"
        role="listitem"
      >
        <a
          className="item"
          href="/sitemap"
          onClick={[Function]}
        >
          Site Map
        </a>
      </div>
      <div
        className="item"
        role="listitem"
      >
        <a
          className="item"
          href="/accesibility-info"
          onClick={[Function]}
        >
          Accessibility
        </a>
      </div>
      <div
        className="item"
        role="listitem"
      >
        <a
          className="item"
          href="/contact-form"
          onClick={[Function]}
        >
          Contact
        </a>
      </div>
      <div
        className="item"
        role="listitem"
      >
        <a
          className="item"
          href="https://plone.com"
        >
          Powered by Plone & Python
        </a>
      </div>
    </div>
  </div>
</div>
`;
