// Jest Snapshot v1, https://goo.gl/fbAQLP

exports[`renders an edit image block component 1`] = `
<div
  className="block video align center"
>
  <div
    className="video-inner"
  >
    <div
      className="ui blocker"
    />
    <div>
      <div
        className="ui message"
      >
        <center>
          <svg
            className="icon"
            dangerouslySetInnerHTML={
              Object {
                "__html": undefined,
              }
            }
            onClick={null}
            style={
              Object {
                "fill": "#b8c6c8",
                "height": "100px",
                "width": "auto",
              }
            }
            viewBox=""
            xmlns=""
          />
        </center>
      </div>
    </div>
  </div>
</div>
`;
