// Jest Snapshot v1, https://goo.gl/fbAQLP

exports[`renders a view video component 1`] = `
<p
  className="block video align center"
>
  <div
    className="video-inner"
  >
    <div>
      test
    </div>
  </div>
</p>
`;
