// Jest Snapshot v1, https://goo.gl/fbAQLP

exports[`renders a view image component 1`] = `
<p
  className="block image align center"
>
  <picture>
    <img
      alt=""
      className=""
      loading="lazy"
      role="img"
      src="http://localhost:8080/Plone/test-images/@@images/image/listing"
      style={
        Object {
          "objectFit": "cover",
          "width": "100%",
        }
      }
    />
  </picture>
  <noscript
    dangerouslySetInnerHTML={
      Object {
        "__html": "
              <img
                src=\\"http://localhost:8080/Plone/test-images/@@images/image/listing\\"
                srcset=\\"/test-images/@@images/image/listing 16w, /test-images/@@images/image/icon 32w, /test-images/@@images/image/tile 64w, /test-images/@@images/image/thumb 128w, /test-images/@@images/image/mini 200w, /test-images/@@images/image/preview 400w, /test-images/@@images/image/large 768w\\"
                alt=\\"\\"
                className=\\"\\"
                role=\\"img\\"
                loading=\\"lazy\\"
                style=\\"width: 100%; object-fit: cover;\\"
            ",
      }
    }
  />
</p>
`;
